SET SERVEROUTPUT ON;
SQL> 
SQL> DECLARE
  2      n NUMBER := &n;
  3  BEGIN
  4      IF MOD(n, 2) = 0 THEN
  5          DBMS_OUTPUT.PUT_LINE(n || ' is Even');
  6      ELSE
  7          DBMS_OUTPUT.PUT_LINE(n || ' is Odd');
  8      END IF;
  9  END;
 10  /
Enter value for n: 15
old   2:     n NUMBER := &n;
new   2:     n NUMBER := 15;
15 is Odd                                                                       

PL/SQL procedure successfully completed.

SQL> ======   20=======
SQL> SET SERVEROUTPUT ON;
SQL> 
SQL> DECLARE
  2      n NUMBER := &n;
  3      i NUMBER := 1;
  4  BEGIN
  5      WHILE i <= 10 LOOP
  6          DBMS_OUTPUT.PUT_LINE(n || ' x ' || i || ' = ' || (n * i));
  7          i := i + 1;
  8      END LOOP;
  9  END;
 10  /
Enter value for n: 15
old   2:     n NUMBER := &n;
new   2:     n NUMBER := 15;
15 x 1 = 15                                                                     
15 x 2 = 30                                                                     
15 x 3 = 45                                                                     
15 x 4 = 60                                                                     
15 x 5 = 75                                                                     
15 x 6 = 90                                                                     
15 x 7 = 105                                                                    
15 x 8 = 120                                                                    
15 x 9 = 135                                                                    
15 x 10 = 150                                                                   

PL/SQL procedure successfully completed.

SQL> ======= 21  ==============

SQL> SET SERVEROUTPUT ON;
SQL> 
SQL> DECLARE
  2      y NUMBER := &year;
  3  BEGIN
  4      IF MOD(y, 400) = 0 OR (MOD(y, 4) = 0 AND MOD(y, 100) <> 0) THEN
  5          DBMS_OUTPUT.PUT_LINE(y || ' is a Leap Year');
  6      ELSE
  7          DBMS_OUTPUT.PUT_LINE(y || ' is not a Leap Year');
  8      END IF;
  9  END;
 10  /
Enter value for year: 2026
old   2:     y NUMBER := &year;
new   2:     y NUMBER := 2026;
2026 is not a Leap Year                                                         

PL/SQL procedure successfully completed.

SQL> 
SQL> ============ 22  ============
SQL> SET SERVEROUTPUT ON;
SQL> 
SQL> DECLARE
  2      i NUMBER := 1;
  3  BEGIN
  4      WHILE i <= 5 LOOP
  5          DBMS_OUTPUT.PUT_LINE(i);
  6          i := i + 1;
  7      END LOOP;
  8  END;
  9  /
1                                                                               
2                                                                               
3                                                                               
4                                                                               
5                                                                               

PL/SQL procedure successfully completed.

SQL> ============= 23 =========== 
SQL> SET SERVEROUTPUT ON;
SQL> 
SQL> DECLARE
  2      i NUMBER := 1;
  3  BEGIN
  4      LOOP
  5          DBMS_OUTPUT.PUT_LINE(i);
  6          i := i + 1;
  7  
  8          EXIT WHEN i > 10;
  9      END LOOP;
 10  END;
 11  /
1                                                                               
2                                                                               
3                                                                               
4                                                                               
5                                                                               
6                                                                               
7                                                                               
8                                                                               
9                                                                               
10                                                                              

PL/SQL procedure successfully completed.

SQL> ============= 24 ===========

SQL> SET SERVEROUTPUT ON;
SQL> 
SQL> BEGIN
  2      FOR i IN 1..10 LOOP
  3          DBMS_OUTPUT.PUT_LINE(i);
  4      END LOOP;
  5  END;
  6  /
1                                                                               
2                                                                               
3                                                                               
4                                                                               
5                                                                               
6                                                                               
7                                                                               
8                                                                               
9                                                                               
10                                                                              

PL/SQL procedure successfully completed.

SQL> ============= 25

SQL> SET SERVEROUTPUT ON;
SQL> 
SQL> DECLARE
  2      rollno      NUMBER := &rollno;
  3      name        VARCHAR2(50) := '&name';
  4      mark1       NUMBER := &mark1;
  5      mark2       NUMBER := &mark2;
  6      mark3       NUMBER := &mark3;
  7      total       NUMBER;
  8      percentage  NUMBER;
  9      class_name  VARCHAR2(30);
 10  BEGIN
 11      total := mark1 + mark2 + mark3;
 12      percentage := total / 3;
 13  
 14      IF percentage >= 70 THEN
 15          class_name := 'Distinction';
 16      ELSIF percentage >= 60 THEN
 17          class_name := 'First Class';
 18      ELSIF percentage >= 50 THEN
 19          class_name := 'Second Class';
 20      ELSIF percentage >= 35 THEN
 21          class_name := 'Pass Class';
 22      ELSE
 23          class_name := 'Fail';
 24      END IF;
 25  
 26      DBMS_OUTPUT.PUT_LINE('Roll No     : ' || rollno);
 27      DBMS_OUTPUT.PUT_LINE('Name        : ' || name);
 28      DBMS_OUTPUT.PUT_LINE('Total       : ' || total);
 29      DBMS_OUTPUT.PUT_LINE('Percentage  : ' || percentage || '%');
 30      DBMS_OUTPUT.PUT_LINE('Class       : ' || class_name);
 31  END;
 32  /
Enter value for rollno: 12
old   2:     rollno      NUMBER := &rollno;
new   2:     rollno      NUMBER := 12;
Enter value for name: a
old   3:     name        VARCHAR2(50) := '&name';
new   3:     name        VARCHAR2(50) := 'a';
Enter value for mark1: 12
old   4:     mark1       NUMBER := &mark1;
new   4:     mark1       NUMBER := 12;
Enter value for mark2: 13
old   5:     mark2       NUMBER := &mark2;
new   5:     mark2       NUMBER := 13;
Enter value for mark3: 14
old   6:     mark3       NUMBER := &mark3;
new   6:     mark3       NUMBER := 14;
Roll No     : 12                                                                
Name        : a                                                                 
Total       : 39                                                                
Percentage  : 13%                                                               
Class       : Fail                                                              

PL/SQL procedure successfully completed.

SQL> ==========  26  =================

SQL> SET SERVEROUTPUT ON;
SQL> 
SQL> DECLARE
  2      n NUMBER := 12;
  3      i NUMBER := 1;
  4  BEGIN
  5      WHILE i <= 10 LOOP
  6          DBMS_OUTPUT.PUT_LINE(n);
  7          n := n + 20;
  8          i := i + 1;
  9      END LOOP;
 10  END;
 11  /
12                                                                              
32                                                                              
52                                                                              
72                                                                              
92                                                                              
112                                                                             
132                                                                             
152                                                                             
172                                                                             
192                                                                             

PL/SQL procedure successfully completed.

SQL> ========= 27 ================

SQL> SET SERVEROUTPUT ON;
SQL> 
SQL> DECLARE
  2      n NUMBER := &n;
  3      i NUMBER := 1;
  4      total NUMBER := 0;
  5  BEGIN
  6      WHILE i <= n LOOP
  7          total := total + i;
  8          i := i + 3;
  9      END LOOP;
 10  
 11      DBMS_OUTPUT.PUT_LINE('Sum = ' || total);
 12  END;
 13  /
Enter value for n: 12
old   2:     n NUMBER := &n;
new   2:     n NUMBER := 12;
Sum = 22                                                                        

PL/SQL procedure successfully completed.

SQL> ===========28 ===================
 
SQL> SET SERVEROUTPUT ON;
SQL> 
SQL> DECLARE
  2      n NUMBER := &n;
  3      a NUMBER := 0;
  4      b NUMBER := 1;
  5      c NUMBER;
  6      i NUMBER := 1;
  7  BEGIN
  8      WHILE i <= n LOOP
  9          DBMS_OUTPUT.PUT(a || ' ');
 10  
 11          c := a + b;
 12          a := b;
 13          b := c;
 14  
 15          i := i + 1;
 16      END LOOP;
 17  
 18      DBMS_OUTPUT.NEW_LINE;
 19  END;
 20  /
Enter value for n: 15
old   2:     n NUMBER := &n;
new   2:     n NUMBER := 15;
0 1 1 2 3 5 8 13 21 34 55 89 144 233 377                                        

PL/SQL procedure successfully completed.

SQL> 
SQL> =========  29  ===========


SQL> SET SERVEROUTPUT ON;
SQL> 
SQL> DECLARE
  2      n NUMBER := &n;
  3      fact NUMBER := 1;
  4      i NUMBER := 1;
  5  BEGIN
  6      IF n < 0 THEN
  7          DBMS_OUTPUT.PUT_LINE('Factorial is not defined for negative numbers.');
  8      ELSE
  9          WHILE i <= n LOOP
 10              fact := fact * i;
 11              i := i + 1;
 12          END LOOP;
 13  
 14          DBMS_OUTPUT.PUT_LINE('Factorial of ' || n || ' = ' || fact);
 15      END IF;
 16  END;
 17  /
Enter value for n: 4
old   2:     n NUMBER := &n;
new   2:     n NUMBER := 4;
Factorial of 4 = 24                                                             

PL/SQL procedure successfully completed.

SQL> ============  30 ==========

SQL> SET SERVEROUTPUT ON;
SQL> 
SQL> DECLARE
  2      n NUMBER := &n;
  3  BEGIN
  4      IF n > 0 THEN
  5          DBMS_OUTPUT.PUT_LINE('Positive Number');
  6      ELSIF n < 0 THEN
  7          DBMS_OUTPUT.PUT_LINE('Negative Number');
  8      ELSE
  9          DBMS_OUTPUT.PUT_LINE('Zero');
 10      END IF;
 11  END;
 12  /
Enter value for n: 345
old   2:     n NUMBER := &n;
new   2:     n NUMBER := 345;
Positive Number                                                                 

PL/SQL procedure successfully completed.

SQL> ====== 31 ==================

SQL> SET SERVEROUTPUT ON;
SQL> 
SQL> DECLARE
  2      ch CHAR(1) := '&character';
  3  BEGIN
  4      IF REGEXP_LIKE(ch, '^[A-Za-z]$') THEN
  5          DBMS_OUTPUT.PUT_LINE(ch || ' is a Letter');
  6      ELSIF REGEXP_LIKE(ch, '^[0-9]$') THEN
  7          DBMS_OUTPUT.PUT_LINE(ch || ' is a Digit');
  8      ELSE
  9          DBMS_OUTPUT.PUT_LINE(ch || ' is neither a Letter nor a Digit');
 10      END IF;
 11  END;
 12  /
Enter value for character: a
old   2:     ch CHAR(1) := '&character';
new   2:     ch CHAR(1) := 'a';
a is a Letter                                                                   

PL/SQL procedure successfully completed.

SQL> ============ 32 ==========

SQL> SET SERVEROUTPUT ON;
SQL> 
SQL> DECLARE
  2      i NUMBER;
  3      j NUMBER;
  4      flag NUMBER;
  5  BEGIN
  6      FOR i IN 2..50 LOOP
  7          flag := 1;
  8  
  9          FOR j IN 2..TRUNC(SQRT(i)) LOOP
 10              IF MOD(i, j) = 0 THEN
 11                  flag := 0;
 12                  EXIT;
 13              END IF;
 14          END LOOP;
 15  
 16          IF flag = 1 THEN
 17              DBMS_OUTPUT.PUT_LINE(i);
 18          END IF;
 19      END LOOP;
 20  END;
 21  /
2                                                                               
3                                                                               
5                                                                               
7                                                                               
11                                                                              
13                                                                              
17                                                                              
19                                                                              
23                                                                              
29                                                                              
31                                                                              
37                                                                              
41                                                                              
43                                                                              
47                                                                              

PL/SQL procedure successfully completed.

SQL> commit;

Commit complete.

SQL> 
